<?xml version="1.0" encoding="utf-8"?><testsuites name="pytest tests"><testsuite name="pytest" errors="0" failures="0" skipped="0" tests="6" time="28.003" timestamp="2026-09-08T11:04:40.928377+01:00" hostname="ONEWEB-PF2GQGWX"><testcase classname="tests.test_evaluation" name="test_node_upgrade_precheck_replicas_less_than_one" time="0.012" /><testcase classname="tests.test_evaluation" name="test_node_upgrade_precheck_replicas_greater_than_one_pdb_none" time="0.001" /><testcase classname="tests.test_evaluation" name="test_node_upgrade_precheck_replicas_greater_than_one_pdb_allows_disruption_zero" time="0.002" /><testcase classname="tests.test_evaluation" name="test_node_upgrade_precheck_replicas_greater_than_one_pdb_allows_disruption_greater_than_zero" time="0.002" /><testcase classname="tests.test_evaluation" name="test_node_upgrade_precheck_replicas_greater_than_one_pdb_allows_disruption_is_two" time="0.002" /><testcase classname="tests.test_evaluation" name="test_node_upgrade_precheck_replicas_greater_than_one_pdb_allows_disruption_is_two_noblock" time="0.002" /></testsuite></testsuites>